[["MalMoonsault"], ["king of trades"], ["Cubone999", "Mattorr... \u30c4"], ["ACE PUNPRO", "Khalni", "TeamCharm69", "math656"], ["Dragon246", "Fetzi die Landmine", "Gumboyball", "PDBD", "Shrey44", "Spongebob1203", "decem77", "tfhyghgyyi"], ["LT72MS Leaf", "NinU_x02", "Pwaite", "Showkuy\u221e", "dvpermario", "m6ter", "orion89", "sza28627"]]